// Jest Snapshot v1, https://goo.gl/fbAQLP

exports[`App Renders the app correctly 1`] = `
<div>
  <h2>
    Gift Giver 
  </h2>
  <div
    className="gift-list"
  />
  <Button
    active={false}
    className="btn-add"
    disabled={false}
    onClick={[Function]}
    variant="primary"
  >
     Add Gift
  </Button>
</div>
`;
